// Jest Snapshot v1, https://goo.gl/fbAQLP

exports[`matches snapshot 1`] = `
<div>
  <div>
    <h1>
      Flip A Coin
    </h1>
    <div
      style="visibility: hidden;"
    >
      <img
        src="undefined.png"
      />
    </div>
    <button>
      Flip!
    </button>
    <p>
      Out of 
      0
      , there have been 
      0
       heads and 
      0
       tails.
    </p>
  </div>
</div>
`;
